-- MLX42 @ 2.4.1
-- Building in RELEASE mode
CMake Warning (dev) at CMakeLists.txt:79 (add_custom_command):
  The following keywords are not supported when using
  add_custom_command(OUTPUT): PRE_BUILD.

  Policy CMP0175 is not set: add_custom_command() rejects invalid arguments.
  Run "cmake --help-policy CMP0175" for policy details.  Use the cmake_policy
  command to set the policy and suppress this warning.
This warning is for project developers.  Use -Wno-dev to suppress it.

CMake Warning (dev) at CMakeLists.txt:90 (add_custom_command):
  The following keywords are not supported when using
  add_custom_command(OUTPUT): PRE_BUILD.

  Policy CMP0175 is not set: add_custom_command() rejects invalid arguments.
  Run "cmake --help-policy CMP0175" for policy details.  Use the cmake_policy
  command to set the policy and suppress this warning.
This warning is for project developers.  Use -Wno-dev to suppress it.

-- Found GLFW: /usr/lib/libglfw.so
-- Configuring done (0.0s)
-- Generating done (0.0s)
-- Build files have been written to: /home/krusty/42Course/miniRTNorm/libs/MLX42/build
make[1]: se entra en el directorio '/home/krusty/42Course/miniRTNorm/libs/MLX42/build'
[  8%] Building vertex shader
[  8%] Building fragment shader
[ 12%] Building C object CMakeFiles/mlx42.dir/src/mlx_cursor.c.o
[ 16%] Building C object CMakeFiles/mlx42.dir/src/mlx_images.c.o
[ 24%] Building C object CMakeFiles/mlx42.dir/src/mlx_exit.c.o
[ 24%] Building C object CMakeFiles/mlx42.dir/src/mlx_init.c.o
[ 32%] Building C object CMakeFiles/mlx42.dir/src/mlx_keys.c.o
[ 32%] Building C object CMakeFiles/mlx42.dir/src/mlx_loop.c.o
[ 36%] Building C object CMakeFiles/mlx42.dir/src/mlx_monitor.c.o
[ 40%] Building C object CMakeFiles/mlx42.dir/src/mlx_mouse.c.o
[ 44%] Building C object CMakeFiles/mlx42.dir/src/mlx_put_pixel.c.o
[ 48%] Building C object CMakeFiles/mlx42.dir/src/mlx_window.c.o
[ 52%] Building C object CMakeFiles/mlx42.dir/src/utils/mlx_error.c.o
[ 56%] Building C object CMakeFiles/mlx42.dir/src/utils/mlx_list.c.o
[ 60%] Building C object CMakeFiles/mlx42.dir/src/utils/mlx_utils.c.o
[ 64%] Building C object CMakeFiles/mlx42.dir/src/utils/mlx_compare.c.o
[ 68%] Building C object CMakeFiles/mlx42.dir/src/font/mlx_font.c.o
[ 72%] Building C object CMakeFiles/mlx42.dir/src/textures/mlx_png.c.o
[ 76%] Building C object CMakeFiles/mlx42.dir/src/textures/mlx_texture.c.o
[ 80%] Building C object CMakeFiles/mlx42.dir/src/textures/mlx_xpm42.c.o
[ 84%] Building C object CMakeFiles/mlx42.dir/lib/png/lodepng.c.o
[ 88%] Building C object CMakeFiles/mlx42.dir/lib/glad/glad.c.o
[ 92%] Building C object CMakeFiles/mlx42.dir/mlx_vert_shader.c.o
[ 96%] Building C object CMakeFiles/mlx42.dir/mlx_frag_shader.c.o
[100%] Linking C static library libmlx42.a
[100%] Built target mlx42
make[1]: se sale del directorio '/home/krusty/42Course/miniRTNorm/libs/MLX42/build'
make -C libs/libft
make[1]: se entra en el directorio '/home/krusty/42Course/miniRTNorm/libs/libft'
cc -Wall -Wextra -Werror -c ft_atodbl.c -o ft_atodbl.o
cc -Wall -Wextra -Werror -c ft_isascii.c -o ft_isascii.o
cc -Wall -Wextra -Werror -c ft_lstdelone.c -o ft_lstdelone.o
cc -Wall -Wextra -Werror -c ft_memchr.c -o ft_memchr.o
cc -Wall -Wextra -Werror -c ft_putnbr_fd.c -o ft_putnbr_fd.o
cc -Wall -Wextra -Werror -c ft_strjoin.c -o ft_strjoin.o
cc -Wall -Wextra -Werror -c ft_strncpy.c -o ft_strncpy.o
cc -Wall -Wextra -Werror -c ft_atoi.c -o ft_atoi.o
cc -Wall -Wextra -Werror -c ft_isdigit.c -o ft_isdigit.o
cc -Wall -Wextra -Werror -c ft_lstiter.c -o ft_lstiter.o
cc -Wall -Wextra -Werror -c ft_memcmp.c -o ft_memcmp.o
cc -Wall -Wextra -Werror -c ft_putstr_fd.c -o ft_putstr_fd.o
cc -Wall -Wextra -Werror -c ft_strlcat.c -o ft_strlcat.o
cc -Wall -Wextra -Werror -c ft_strnstr.c -o ft_strnstr.o
cc -Wall -Wextra -Werror -c ft_strstr.c -o ft_strstr.o
cc -Wall -Wextra -Werror -c ft_atol.c -o ft_atol.o
cc -Wall -Wextra -Werror -c ft_isprint.c -o ft_isprint.o
cc -Wall -Wextra -Werror -c ft_lstlast.c -o ft_lstlast.o
cc -Wall -Wextra -Werror -c ft_memcpy.c -o ft_memcpy.o
cc -Wall -Wextra -Werror -c ft_split.c -o ft_split.o
cc -Wall -Wextra -Werror -c ft_strlcpy.c -o ft_strlcpy.o
cc -Wall -Wextra -Werror -c ft_strrchr.c -o ft_strrchr.o
cc -Wall -Wextra -Werror -c ft_strndup.c -o ft_strndup.o
cc -Wall -Wextra -Werror -c ft_bzero.c -o ft_bzero.o
cc -Wall -Wextra -Werror -c ft_itoa.c -o ft_itoa.o
cc -Wall -Wextra -Werror -c ft_lstmap.c -o ft_lstmap.o
cc -Wall -Wextra -Werror -c ft_memmove.c -o ft_memmove.o
cc -Wall -Wextra -Werror -c ft_strchr.c -o ft_strchr.o
cc -Wall -Wextra -Werror -c ft_strlen.c -o ft_strlen.o
cc -Wall -Wextra -Werror -c ft_strtrim.c -o ft_strtrim.o
cc -Wall -Wextra -Werror -c ft_strreplace.c -o ft_strreplace.o
cc -Wall -Wextra -Werror -c ft_calloc.c -o ft_calloc.o
cc -Wall -Wextra -Werror -c ft_lstadd_back.c -o ft_lstadd_back.o
cc -Wall -Wextra -Werror -c ft_lstnew.c -o ft_lstnew.o
cc -Wall -Wextra -Werror -c ft_memset.c -o ft_memset.o
cc -Wall -Wextra -Werror -c ft_strdup.c -o ft_strdup.o
cc -Wall -Wextra -Werror -c ft_strlower.c -o ft_strlower.o
cc -Wall -Wextra -Werror -c ft_substr.c -o ft_substr.o
cc -Wall -Wextra -Werror -c ft_isalnum.c -o ft_isalnum.o
cc -Wall -Wextra -Werror -c ft_lstadd_front.c -o ft_lstadd_front.o
cc -Wall -Wextra -Werror -c ft_lstsize.c -o ft_lstsize.o
cc -Wall -Wextra -Werror -c ft_putchar_fd.c -o ft_putchar_fd.o
cc -Wall -Wextra -Werror -c ft_strisdbl.c -o ft_strisdbl.o
cc -Wall -Wextra -Werror -c ft_strmapi.c -o ft_strmapi.o
cc -Wall -Wextra -Werror -c ft_tolower.c -o ft_tolower.o
cc -Wall -Wextra -Werror -c ft_isalpha.c -o ft_isalpha.o
cc -Wall -Wextra -Werror -c ft_lstclear.c -o ft_lstclear.o
cc -Wall -Wextra -Werror -c ft_lstsort_int.c -o ft_lstsort_int.o
cc -Wall -Wextra -Werror -c ft_putendl_fd.c -o ft_putendl_fd.o
cc -Wall -Wextra -Werror -c ft_striteri.c -o ft_striteri.o
cc -Wall -Wextra -Werror -c ft_strcmp.c -o ft_strcmp.o
cc -Wall -Wextra -Werror -c ft_strncmp.c -o ft_strncmp.o
cc -Wall -Wextra -Werror -c ft_toupper.c -o ft_toupper.o
cc -Wall -Wextra -Werror -c ft_free_split.c -o ft_free_split.o
cc -Wall -Wextra -Werror -c ft_lststrlen.c -o ft_lststrlen.o
cc -Wall -Wextra -Werror -c ft_lstfind_cmp.c -o ft_lstfind_cmp.o
cc -Wall -Wextra -Werror -c ft_lstclearnodes.c -o ft_lstclearnodes.o
cc -Wall -Wextra -Werror -c ft_lst_to_strlist.c -o ft_lst_to_strlist.o
cc -Wall -Wextra -Werror -c ft_strisnum.c -o ft_strisnum.o
cc -Wall -Wextra -Werror -c get_next_line.c -o get_next_line.o
cc -Wall -Wextra -Werror -c get_next_line_utils.c -o get_next_line_utils.o
cc -Wall -Wextra -Werror -c ft_stack.c -o ft_stack.o
cc -Wall -Wextra -Werror -c ft_stack_aux.c -o ft_stack_aux.o
cc -Wall -Wextra -Werror -c ft_strlst_len.c -o ft_strlst_len.o
ar rcs libft.a ft_atodbl.o ft_isascii.o ft_lstdelone.o ft_memchr.o ft_putnbr_fd.o ft_strjoin.o ft_strncpy.o ft_atoi.o ft_isdigit.o ft_lstiter.o ft_memcmp.o ft_putstr_fd.o ft_strlcat.o ft_strnstr.o ft_strstr.o ft_atol.o ft_isprint.o ft_lstlast.o ft_memcpy.o ft_split.o ft_strlcpy.o ft_strrchr.o ft_strndup.o ft_bzero.o ft_itoa.o ft_lstmap.o ft_memmove.o ft_strchr.o ft_strlen.o ft_strtrim.o ft_strreplace.o ft_calloc.o ft_lstadd_back.o ft_lstnew.o ft_memset.o ft_strdup.o ft_strlower.o ft_substr.o ft_isalnum.o ft_lstadd_front.o ft_lstsize.o ft_putchar_fd.o ft_strisdbl.o ft_strmapi.o ft_tolower.o ft_isalpha.o ft_lstclear.o ft_lstsort_int.o ft_putendl_fd.o ft_striteri.o ft_strcmp.o ft_strncmp.o ft_toupper.o ft_free_split.o ft_lststrlen.o ft_lstfind_cmp.o ft_lstclearnodes.o ft_lst_to_strlist.o ft_strisnum.o get_next_line.o get_next_line_utils.o ft_stack.o ft_stack_aux.o ft_strlst_len.o
make[1]: se sale del directorio '/home/krusty/42Course/miniRTNorm/libs/libft'
cc -Wall -Wextra -Werror -Iincludes -c src/main.c -o src/main.o
cc -Wall -Wextra -Werror -Iincludes -c src/exit.c -o src/exit.o
cc -Wall -Wextra -Werror -Iincludes -c src/init.c -o src/init.o
cc -Wall -Wextra -Werror -Iincludes -c src/free_functions.c -o src/free_functions.o
cc -Wall -Wextra -Werror -Iincludes -c src/render.c -o src/render.o
cc -Wall -Wextra -Werror -Iincludes -c src/parser/parser.c -o src/parser/parser.o
cc -Wall -Wextra -Werror -Iincludes -c src/parser/parser_scene.c -o src/parser/parser_scene.o
cc -Wall -Wextra -Werror -Iincludes -c src/parser/parser_objects.c -o src/parser/parser_objects.o
cc -Wall -Wextra -Werror -Iincludes -c src/ray/ray.c -o src/ray/ray.o
cc -Wall -Wextra -Werror -Iincludes -c src/ray/hits.c -o src/ray/hits.o
cc -Wall -Wextra -Werror -Iincludes -c src/ray/lighting.c -o src/ray/lighting.o
cc -Wall -Wextra -Werror -Iincludes -c src/ray/raycasting.c -o src/ray/raycasting.o
cc -Wall -Wextra -Werror -Iincludes -c src/ray/ray_utils.c -o src/ray/ray_utils.o
cc -Wall -Wextra -Werror -Iincludes -c src/utils/color.c -o src/utils/color.o
cc -Wall -Wextra -Werror -Iincludes -c src/utils/scene.c -o src/utils/scene.o
cc -Wall -Wextra -Werror -Iincludes -c src/utils/textures.c -o src/utils/textures.o
cc -Wall -Wextra -Werror -Iincludes -c src/utils/str.c -o src/utils/str.o
cc -Wall -Wextra -Werror -Iincludes -c src/vector/vector.c -o src/vector/vector.o
cc -Wall -Wextra -Werror -Iincludes -c src/vector/vector_aux.c -o src/vector/vector_aux.o
cc -Wall -Wextra -Werror -Iincludes -c src/vector/vector_basic.c -o src/vector/vector_basic.o
cc -Wall -Wextra -Werror -Iincludes -c src/vector/vector_utils.c -o src/vector/vector_utils.o
cc -Wall -Wextra -Werror -Iincludes -c src/hooks/keyboard.c -o src/hooks/keyboard.o
cc -Wall -Wextra -Werror -Iincludes -c src/hooks/mouse.c -o src/hooks/mouse.o
cc -Wall -Wextra -Werror -Iincludes -c src/objects/object.c -o src/objects/object.o
cc -Wall -Wextra -Werror -Iincludes -c src/objects/sphere.c -o src/objects/sphere.o
cc -Wall -Wextra -Werror -Iincludes -c src/objects/cylinder.c -o src/objects/cylinder.o
cc -Wall -Wextra -Werror -Iincludes -c src/objects/plane.c -o src/objects/plane.o
cc -Wall -Wextra -Werror -Iincludes -c src/functions/objects.c -o src/functions/objects.o
cc -Wall -Wextra -Werror -Iincludes -c src/functions/objects_helpers.c -o src/functions/objects_helpers.o
cc -Wall -Wextra -Werror -Iincludes -c src/debug/debug_parser.c -o src/debug/debug_parser.o
cc -Wall -Wextra -Werror -Iincludes -c src/debug/debug_helpers.c -o src/debug/debug_helpers.o
cc -Wall -Wextra -Werror -Iincludes -c src/debug/debug_object_helpers.c -o src/debug/debug_object_helpers.o
cc -Wall -Wextra -Werror -Iincludes -c src/cache/cache.c -o src/cache/cache.o
cc -Wall -Wextra -Werror -Iincludes -o miniRT src/main.o src/exit.o src/init.o src/free_functions.o src/render.o src/parser/parser.o src/parser/parser_scene.o src/parser/parser_objects.o src/ray/ray.o src/ray/hits.o src/ray/lighting.o src/ray/raycasting.o src/ray/ray_utils.o src/utils/color.o src/utils/scene.o src/utils/textures.o src/utils/str.o src/vector/vector.o src/vector/vector_aux.o src/vector/vector_basic.o src/vector/vector_utils.o src/hooks/keyboard.o src/hooks/mouse.o src/objects/object.o src/objects/sphere.o src/objects/cylinder.o src/objects/plane.o src/functions/objects.o src/functions/objects_helpers.o src/debug/debug_parser.o src/debug/debug_helpers.o src/debug/debug_object_helpers.o src/cache/cache.o -Llibs/MLX42/build -l:libmlx42.a -Iinclude -ldl -lglfw -pthread -lm -Llibs/libft -l:libft.a
