Setting locale to en_US
exit.c: OK!
free_functions.c: OK!
free_helpers.c: OK!
init.c: OK!
main.c: OK!
render.c: OK!
cache.c: OK!
debug_helpers.c: OK!
debug_object_helpers.c: OK!
debug_parser.c: OK!
objects.c: OK!
objects_helpers.c: OK!
keyboard.c: OK!
mouse.c: OK!
cone.c: OK!
cylinder.c: OK!
object.c: OK!
plane.c: OK!
sphere.c: OK!
parser.c: OK!
parser_objects.c: OK!
parser_scene.c: OK!
hits.c: OK!
hits_cone.c: OK!
lighting.c: OK!
ray.c: OK!
ray_utils.c: OK!
raycasting.c: OK!
hit_cylinder.c: Error!
Error: EMPTY_LINE_FILE_START (line:   1, col:   1):	Empty line at start of file
Error: INVALID_HEADER       (line:   1, col:   1):	[97mMissing or invalid 42 header[0m
Error: TOO_MANY_ARGS        (line:  17, col:  55):	[91mFunction has more than 4 arguments[0m
Error: TOO_MANY_ARGS        (line:  34, col:  55):	[91mFunction has more than 4 arguments[0m
Error: BRACE_SHOULD_EOL     (line: 116, col:   1):	Expected newline after brace
color.c: OK!
color_helpers.c: OK!
data.c: OK!
scene.c: OK!
str.c: OK!
textures.c: OK!
vector.c: OK!
vector_aux.c: OK!
vector_basic.c: OK!
vector_utils.c: OK!
minirt.h: OK!
